#
# Automatically generated, don't edit
#
# Generated on: tyson-Lenovo-ideapad-120S-14IAP
# At: Mon, 14 Oct 2019 22:07:00 +0000
# Linux version 5.0.0-31-generic (buildd@lcy01-amd64-010) (gcc version 8.3.0 (Ubuntu 8.3.0-6ubuntu1)) #33-Ubuntu SMP Mon Sep 30 18:51:59 UTC 2019

#
# Pistachio Kernel Configuration System
#

#
# Hardware
#

#
# Basic Architecture
#
CONFIG_ARCH_X86=y
CONFIG_ARCH_POWERPC=n
CONFIG_ARCH_POWERPC64=n


#
# X86 Processor Architecture
#
CONFIG_SUBARCH_X32=n
CONFIG_SUBARCH_X64=y


#
# Processor Type
#
CONFIG_CPU_X86_I486=n
CONFIG_CPU_X86_I586=n
CONFIG_CPU_X86_I686=n
CONFIG_CPU_X86_P4=y
CONFIG_CPU_X86_K8=n
CONFIG_CPU_X86_C3=n
CONFIG_CPU_X86_SIMICS=n


#
# Platform
#
CONFIG_PLAT_PC99=y
CONFIG_PLAT_EFI=n


#
# Miscellaneous
#
CONFIG_IOAPIC=y
CONFIG_MAX_IOAPICS=2
CONFIG_APIC_TIMER_TICK=1000

CONFIG_SMP=n


#
# Kernel
#
CONFIG_EXPERIMENTAL=n
CONFIG_IPC_FASTPATH=n
CONFIG_DEBUG=y
CONFIG_DEBUG_SYMBOLS=n
CONFIG_PERFMON=n
CONFIG_SPIN_WHEELS=n
CONFIG_NEW_MDB=n
CONFIG_STATIC_TCBS=n
CONFIG_X86_COMPATIBILITY_MODE=y


#
# Debugger
#

#
# Kernel Debugger Console
#
CONFIG_KDB_CONS_COM=y
CONFIG_KDB_COMPORT=0x0
CONFIG_KDB_COMSPEED=115200
CONFIG_KDB_CONS_KBD=n
CONFIG_KDB_BOOT_CONS=0

CONFIG_KDB_DISAS=n
CONFIG_KDB_ON_STARTUP=n
CONFIG_KDB_BREAKIN=n
CONFIG_KDB_INPUT_HLT=n
CONFIG_KDB_NO_ASSERTS=n

#
# Trace Settings
#
CONFIG_VERBOSE_INIT=n
CONFIG_TRACEPOINTS=n
CONFIG_KMEM_TRACE=n
CONFIG_TRACEBUFFER=n



#
# Code Generator Options
#


#
# Derived symbols
#
CONFIG_HAVE_MEMORY_CONTROL=n
CONFIG_X86_PSE=y
CONFIG_BIGENDIAN=n
CONFIG_PPC_MMU_TLB=n
CONFIG_X86_SYSENTER=y
CONFIG_X86_PGE=y
CONFIG_X86_FXSR=y
CONFIG_IS_32BIT=n
CONFIG_X86_HTT=y
CONFIG_X86_PAT=y
CONFIG_PPC_BOOKE=n
CONFIG_IS_64BIT=y
CONFIG_MULTI_ARCHITECTURE=y
CONFIG_X86_EM64T=y
CONFIG_PPC_CACHE_L1_WRITETHROUGH=n
CONFIG_PPC_TLB_INV_LOCAL=n
CONFIG_PPC_CACHE_ICBI_LOCAL=n
CONFIG_X86_SMALL_SPACES_GLOBAL=n
CONFIG_X86_HVM=y
CONFIG_PPC_MMU_SEGMENTS=n
CONFIG_X86_TSC=y
#
# That's all, folks!
